[probe] disney       reconstruction   full  42.4 | p5  44.1 rho +0.78 | p20  40.0 rho +0.97 | 5-vs-20 rho +0.83
[probe] disney       contrastive      full  64.1 | p5  44.9 rho +0.28 | p20  58.4 rho +0.23 | 5-vs-20 rho +0.29
[probe] disney       one_class        full  60.3 | p5  57.1 rho -0.12 | p20  65.8 rho +0.86 | 5-vs-20 rho +0.20
[probe] books        reconstruction   full  49.8 | p5  41.0 rho -0.48 | p20  47.2 rho +0.63 | 5-vs-20 rho -0.07
[probe] books        contrastive      full  46.7 | p5  51.8 rho +0.05 | p20  47.9 rho +0.05 | 5-vs-20 rho +0.05
[probe] books        adversarial      full  50.0 | p5  50.0 rho +1.00 | p20  50.0 rho +1.00 | 5-vs-20 rho +1.00
[probe] books        one_class        full  49.9 | p5  53.2 rho +0.88 | p20  52.0 rho +0.90 | 5-vs-20 rho +0.96
[probe] enron        reconstruction   full  26.4 | p5  22.9 rho +0.70 | p20  21.9 rho +0.72 | 5-vs-20 rho +0.90
[probe] enron        contrastive      full  45.9 | p5  61.8 rho +0.19 | p20  43.9 rho +0.19 | 5-vs-20 rho +0.15
[probe] enron        adversarial      full  45.8 | p5  56.3 rho -0.38 | p20  22.4 rho +0.36 | 5-vs-20 rho +0.32
[probe] enron        one_class        full  62.2 | p5  35.6 rho -0.09 | p20  62.4 rho +0.27 | 5-vs-20 rho +0.50
[probe] reddit       reconstruction   full  49.6 | p5  51.9 rho -0.26 | p20  59.3 rho +0.24 | 5-vs-20 rho -0.10
[probe] reddit       contrastive      full  51.7 | p5  46.5 rho +0.39 | p20  50.3 rho +0.50 | 5-vs-20 rho +0.49
[probe] reddit       adversarial      full  54.9 | p5  50.3 rho +0.54 | p20  46.4 rho -0.64 | 5-vs-20 rho -0.28
[probe] reddit       one_class        full  52.0 | p5  57.2 rho -0.00 | p20  47.0 rho -0.22 | 5-vs-20 rho +0.52
[probe] inj_cora     reconstruction   full  72.4 | p5  71.3 rho +0.98 | p20  71.0 rho +0.98 | 5-vs-20 rho +0.99
[probe] inj_cora     contrastive      full  42.0 | p5  41.7 rho +0.25 | p20  38.8 rho +0.27 | 5-vs-20 rho +0.23
[probe] inj_cora     adversarial      full  35.4 | p5  36.5 rho +0.20 | p20  33.5 rho +0.28 | 5-vs-20 rho +0.36
[probe] inj_cora     one_class        full  50.0 | p5  51.2 rho +0.81 | p20  50.0 rho +1.00 | 5-vs-20 rho +0.81
[probe] inj_cora     subgraph_contrast full  88.4 | p5  69.4 rho +0.40 | p20  80.5 rho +0.69 | 5-vs-20 rho +0.39
[probe] weibo        reconstruction   full  87.0 | p5  91.3 rho +0.94 | p20  90.8 rho +0.94 | 5-vs-20 rho +0.99
[probe] weibo        contrastive      full  43.4 | p5  31.2 rho +0.28 | p20  40.2 rho +0.24 | 5-vs-20 rho +0.31
[probe] weibo        adversarial      full  73.1 | p5  28.1 rho -0.14 | p20  37.7 rho +0.01 | 5-vs-20 rho +0.03
[probe] weibo        one_class        full  70.1 | p5  88.5 rho +0.58 | p20  83.7 rho +0.57 | 5-vs-20 rho +0.76
[probe] weibo        subgraph_contrast full  89.3 | p5  83.1 rho +0.43 | p20  85.3 rho +0.52 | 5-vs-20 rho +0.34
[probe] inj_amazon   reconstruction   full  74.2 | p5  74.2 rho +1.00 | p20  74.2 rho +1.00 | 5-vs-20 rho +1.00
[probe] inj_amazon   contrastive      full  38.8 | p5  40.6 rho +0.83 | p20  41.0 rho +0.87 | 5-vs-20 rho +0.85
[probe] inj_amazon   adversarial      full  32.2 | p5  63.1 rho -0.29 | p20  53.5 rho +0.06 | 5-vs-20 rho +0.58
[probe] inj_amazon   one_class        full  50.0 | p5  55.2 rho -0.01 | p20  49.9 rho +1.00 | 5-vs-20 rho -0.01
[probe] inj_amazon   subgraph_contrast full  93.8 | p5  78.0 rho +0.53 | p20  87.2 rho +0.72 | 5-vs-20 rho +0.61
[probe] tolokers     reconstruction   full  44.7 | p5  39.3 rho +0.50 | p20  44.1 rho +0.80 | 5-vs-20 rho +0.57
[probe] tolokers     contrastive      full  48.5 | p5  44.0 rho +0.37 | p20  42.6 rho +0.41 | 5-vs-20 rho +0.67
[probe] tolokers     adversarial      full  52.8 | p5  34.8 rho -0.22 | p20  50.7 rho +0.40 | 5-vs-20 rho -0.12
[probe] tolokers     one_class        full  62.7 | p5  44.0 rho -0.01 | p20  48.1 rho +0.08 | 5-vs-20 rho +0.89
PROBE_FIDELITY_DONE
